// Jest Snapshot v1, https://goo.gl/fbAQLP

exports[`<OperatingSystem /> empty snapshot 1`] = `
<Fragment>
  <Title
    text="Operating system"
  />
  <WithStyles(ForwardRef(FormControl))
    className="makeStyles-formControl-2"
    component="div"
    fullWidth={true}
    required={true}
  >
    <WithStyles(WithFormControlContext(ForwardRef(Select)))
      displayEmpty={true}
      inputProps={
        Object {
          "id": "system",
          "name": "system",
        }
      }
      onChange={[Function]}
      value=""
    >
      <WithStyles(ForwardRef(MenuItem))
        button={true}
        component="li"
        value="iOS"
      >
        iOS
      </WithStyles(ForwardRef(MenuItem))>
      <WithStyles(ForwardRef(MenuItem))
        button={true}
        component="li"
        value="Android"
      >
        Android
      </WithStyles(ForwardRef(MenuItem))>
    </WithStyles(WithFormControlContext(ForwardRef(Select)))>
  </WithStyles(ForwardRef(FormControl))>
</Fragment>
`;
