// Jest Snapshot v1, https://goo.gl/fbAQLP

exports[`<Logged /> empty snapshot 1`] = `
<Fragment>
  <Title
    text="Logged in"
  />
  <WithStyles(ForwardRef(FormControl))
    className="makeStyles-formControl-2"
    component="div"
    fullWidth={true}
    required={true}
  >
    <WithStyles(WithFormControlContext(ForwardRef(Select)))
      displayEmpty={true}
      inputProps={
        Object {
          "id": "activated",
          "name": "activated",
        }
      }
      onChange={[Function]}
      value=""
    >
      <WithStyles(ForwardRef(MenuItem))
        button={true}
        component="li"
        value={1}
      >
        True
      </WithStyles(ForwardRef(MenuItem))>
      <WithStyles(ForwardRef(MenuItem))
        button={true}
        component="li"
        value={0}
      >
        False
      </WithStyles(ForwardRef(MenuItem))>
    </WithStyles(WithFormControlContext(ForwardRef(Select)))>
  </WithStyles(ForwardRef(FormControl))>
</Fragment>
`;
