// Jest Snapshot v1, https://goo.gl/fbAQLP

exports[`<App /> empty snapshot 1`] = `
<WithStyles(ForwardRef(Container))
  style={
    Object {
      "width": "50%",
    }
  }
>
  <WithStyles(ForwardRef(AppBar))
    position="static"
  >
    <WithStyles(ForwardRef(Tabs))
      onChange={[Function]}
      value={0}
      variant="fullWidth"
    >
      <WithStyles(ForwardRef(Tab))
        label="Basic"
      />
      <WithStyles(ForwardRef(Tab))
        label="Advanced"
      />
    </WithStyles(ForwardRef(Tabs))>
  </WithStyles(ForwardRef(AppBar))>
  <WithStyles(ForwardRef(Typography))
    component="div"
    style={
      Object {
        "paddingTop": 25,
      }
    }
  >
    <BasicTab
      activated={false}
      conditions={Array []}
      handleActivated={[Function]}
      handleAddCondition={[Function]}
      htmlNuggetIds={
        Array [
          "1",
        ]
      }
    />
  </WithStyles(ForwardRef(Typography))>
</WithStyles(ForwardRef(Container))>
`;
