// Jest Snapshot v1, https://goo.gl/fbAQLP

exports[`<Activated /> empty snapshot 1`] = `
<WithStyles(ForwardRef(Paper))
  className="makeStyles-root-1"
>
  <JSONPretty
    data=""
    id="json-pretty"
    json={Object {}}
    silent={true}
    space={2}
    themeClassName="__json-pretty__"
  />
</WithStyles(ForwardRef(Paper))>
`;
