// Jest Snapshot v1, https://goo.gl/fbAQLP

exports[`dataTransformer empty conditions works ok 1`] = `
Object {
  "active": false,
  "conditions": Array [],
}
`;

exports[`dataTransformer with conditions works ok 1`] = `
Object {
  "active": false,
  "conditions": Array [
    Array [
      "client.tracking.system.os == 'ios'",
      "logged == 'true'",
      "location_radius == '12'",
      "public.kesi.additionalData.12.read == false",
    ],
  ],
}
`;
